  Determining projects to restore...
/src/OpenRestoApi/OpenRestoApi.csproj : warning NU1903: Package 'Microsoft.OpenApi' 2.0.0 has a known high severity vulnerability, https://github.com/advisories/GHSA-v5pm-xwqc-g5wc
/src/OpenRestoApi/OpenRestoApi.csproj : warning NU1903: Package 'SQLitePCLRaw.lib.e_sqlite3' 2.1.11 has a known high severity vulnerability, https://github.com/advisories/GHSA-2m69-gcr7-jv3q
  Restored /src/OpenRestoApi/OpenRestoApi.csproj (in 6.52 sec).
/src/OpenRestoApi/OpenRestoApi.csproj : warning NU1903: Package 'Microsoft.OpenApi' 2.0.0 has a known high severity vulnerability, https://github.com/advisories/GHSA-v5pm-xwqc-g5wc
/src/OpenRestoApi/OpenRestoApi.csproj : warning NU1903: Package 'SQLitePCLRaw.lib.e_sqlite3' 2.1.11 has a known high severity vulnerability, https://github.com/advisories/GHSA-2m69-gcr7-jv3q
/src/OpenRestoApi/Extensions/ServiceCollectionExtensions.cs(218,17): warning MCP9004: 'HttpServerTransportOptions.EnableLegacySse' is obsolete: 'Legacy SSE transport has no built-in request backpressure and should only be used with completely trusted clients in isolated processes. Use Streamable HTTP instead.' (https://github.com/modelcontextprotocol/csharp-sdk/blob/main/docs/list-of-diagnostics.md#obsolete-apis) [/src/OpenRestoApi/OpenRestoApi.csproj]
/src/OpenRestoApi/Core/Application/Interfaces/INotificationQueue.cs(5,18): warning CA1711: Rename type name INotificationQueue so that it does not end in 'Queue' (https://learn.microsoft.com/dotnet/fundamentals/code-analysis/quality-rules/ca1711) [/src/OpenRestoApi/OpenRestoApi.csproj]
/src/OpenRestoApi/Migrations/20260727053045_AddOperatorMcpFoundation.cs(144,26): warning CA1861: Prefer 'static readonly' fields over constant array arguments if the called method is called repeatedly and is not mutating the passed array (https://learn.microsoft.com/dotnet/fundamentals/code-analysis/quality-rules/ca1861) [/src/OpenRestoApi/OpenRestoApi.csproj]
/src/OpenRestoApi/Migrations/20260727053045_AddOperatorMcpFoundation.cs(149,26): warning CA1861: Prefer 'static readonly' fields over constant array arguments if the called method is called repeatedly and is not mutating the passed array (https://learn.microsoft.com/dotnet/fundamentals/code-analysis/quality-rules/ca1861) [/src/OpenRestoApi/OpenRestoApi.csproj]
/src/OpenRestoApi/Migrations/20260727053045_AddOperatorMcpFoundation.cs(159,26): warning CA1861: Prefer 'static readonly' fields over constant array arguments if the called method is called repeatedly and is not mutating the passed array (https://learn.microsoft.com/dotnet/fundamentals/code-analysis/quality-rules/ca1861) [/src/OpenRestoApi/OpenRestoApi.csproj]
/src/OpenRestoApi/Migrations/20260727053045_AddOperatorMcpFoundation.cs(164,26): warning CA1861: Prefer 'static readonly' fields over constant array arguments if the called method is called repeatedly and is not mutating the passed array (https://learn.microsoft.com/dotnet/fundamentals/code-analysis/quality-rules/ca1861) [/src/OpenRestoApi/OpenRestoApi.csproj]
/src/OpenRestoApi/Migrations/20260727053045_AddOperatorMcpFoundation.cs(175,26): warning CA1861: Prefer 'static readonly' fields over constant array arguments if the called method is called repeatedly and is not mutating the passed array (https://learn.microsoft.com/dotnet/fundamentals/code-analysis/quality-rules/ca1861) [/src/OpenRestoApi/OpenRestoApi.csproj]
/src/OpenRestoApi/Migrations/20260727053045_AddOperatorMcpFoundation.cs(191,26): warning CA1861: Prefer 'static readonly' fields over constant array arguments if the called method is called repeatedly and is not mutating the passed array (https://learn.microsoft.com/dotnet/fundamentals/code-analysis/quality-rules/ca1861) [/src/OpenRestoApi/OpenRestoApi.csproj]
/src/OpenRestoApi/Extensions/DatabaseExtensions.cs(298,40): warning CA1873: Evaluation of this argument may be expensive and unnecessary if logging is disabled (https://learn.microsoft.com/dotnet/fundamentals/code-analysis/quality-rules/ca1873) [/src/OpenRestoApi/OpenRestoApi.csproj]
/src/OpenRestoApi/Core/Application/Services/OperatorReservationService.cs(211,48): warning CA1826: Do not use Enumerable methods on indexable collections. Instead use the collection directly. (https://learn.microsoft.com/dotnet/fundamentals/code-analysis/quality-rules/ca1826) [/src/OpenRestoApi/OpenRestoApi.csproj]
/src/OpenRestoApi/Core/Application/Services/OperatorIdentityAccessor.cs(34,35): warning CA1305: The behavior of 'int.ToString()' could vary based on the current user's locale settings. Replace this call in 'OperatorIdentityAccessor.GetCurrent()' with a call to 'int.ToString(IFormatProvider)'. (https://learn.microsoft.com/dotnet/fundamentals/code-analysis/quality-rules/ca1305) [/src/OpenRestoApi/OpenRestoApi.csproj]
/src/OpenRestoApi/Core/Application/Services/NotificationService.cs(54,13): warning CA1873: Evaluation of this argument may be expensive and unnecessary if logging is disabled (https://learn.microsoft.com/dotnet/fundamentals/code-analysis/quality-rules/ca1873) [/src/OpenRestoApi/OpenRestoApi.csproj]
/src/OpenRestoApi/Core/Application/Services/NotificationService.cs(68,13): warning CA1873: Evaluation of this argument may be expensive and unnecessary if logging is disabled (https://learn.microsoft.com/dotnet/fundamentals/code-analysis/quality-rules/ca1873) [/src/OpenRestoApi/OpenRestoApi.csproj]
/src/OpenRestoApi/Core/Application/Services/NotificationService.cs(81,13): warning CA1873: Evaluation of this argument may be expensive and unnecessary if logging is disabled (https://learn.microsoft.com/dotnet/fundamentals/code-analysis/quality-rules/ca1873) [/src/OpenRestoApi/OpenRestoApi.csproj]
/src/OpenRestoApi/Core/Application/Services/BookingNotificationService.cs(43,9): warning CA1873: Evaluation of this argument may be expensive and unnecessary if logging is disabled (https://learn.microsoft.com/dotnet/fundamentals/code-analysis/quality-rules/ca1873) [/src/OpenRestoApi/OpenRestoApi.csproj]
/src/OpenRestoApi/Core/Application/Services/BookingNotificationService.cs(60,9): warning CA1873: Evaluation of this argument may be expensive and unnecessary if logging is disabled (https://learn.microsoft.com/dotnet/fundamentals/code-analysis/quality-rules/ca1873) [/src/OpenRestoApi/OpenRestoApi.csproj]
/src/OpenRestoApi/Core/Application/Services/BookingNotificationService.cs(78,9): warning CA1873: Evaluation of this argument may be expensive and unnecessary if logging is disabled (https://learn.microsoft.com/dotnet/fundamentals/code-analysis/quality-rules/ca1873) [/src/OpenRestoApi/OpenRestoApi.csproj]
/src/OpenRestoApi/Core/Application/Services/BookingNotificationService.cs(95,9): warning CA1873: Evaluation of this argument may be expensive and unnecessary if logging is disabled (https://learn.microsoft.com/dotnet/fundamentals/code-analysis/quality-rules/ca1873) [/src/OpenRestoApi/OpenRestoApi.csproj]
/src/OpenRestoApi/Core/Application/Services/BookingNotificationService.cs(121,13): warning CA1873: Evaluation of this argument may be expensive and unnecessary if logging is disabled (https://learn.microsoft.com/dotnet/fundamentals/code-analysis/quality-rules/ca1873) [/src/OpenRestoApi/OpenRestoApi.csproj]
/src/OpenRestoApi/Core/Application/Services/BookingNotificationService.cs(130,9): warning CA1873: Evaluation of this argument may be expensive and unnecessary if logging is disabled (https://learn.microsoft.com/dotnet/fundamentals/code-analysis/quality-rules/ca1873) [/src/OpenRestoApi/OpenRestoApi.csproj]
/src/OpenRestoApi/Core/Application/Services/BookingNotificationService.cs(141,13): warning CA1873: Evaluation of this argument may be expensive and unnecessary if logging is disabled (https://learn.microsoft.com/dotnet/fundamentals/code-analysis/quality-rules/ca1873) [/src/OpenRestoApi/OpenRestoApi.csproj]
/src/OpenRestoApi/Core/Application/Services/BookingNotificationService.cs(175,9): warning CA1873: Evaluation of this argument may be expensive and unnecessary if logging is disabled (https://learn.microsoft.com/dotnet/fundamentals/code-analysis/quality-rules/ca1873) [/src/OpenRestoApi/OpenRestoApi.csproj]
/src/OpenRestoApi/Core/Application/Services/BookingNotificationService.cs(221,9): warning CA1873: Evaluation of this argument may be expensive and unnecessary if logging is disabled (https://learn.microsoft.com/dotnet/fundamentals/code-analysis/quality-rules/ca1873) [/src/OpenRestoApi/OpenRestoApi.csproj]
/src/OpenRestoApi/Core/Application/Services/BookingNotificationService.cs(240,17): warning CA1873: Evaluation of this argument may be expensive and unnecessary if logging is disabled (https://learn.microsoft.com/dotnet/fundamentals/code-analysis/quality-rules/ca1873) [/src/OpenRestoApi/OpenRestoApi.csproj]
/src/OpenRestoApi/Core/Application/Services/AuthService.cs(24,36): warning CA1860: Prefer comparing 'Count' to 0 rather than using 'Any()', both for clarity and for performance (https://learn.microsoft.com/dotnet/fundamentals/code-analysis/quality-rules/ca1860) [/src/OpenRestoApi/OpenRestoApi.csproj]
/src/OpenRestoApi/Migrations/20260613171448_PushSubscriptionCompositeUniqueKey.cs(20,26): warning CA1861: Prefer 'static readonly' fields over constant array arguments if the called method is called repeatedly and is not mutating the passed array (https://learn.microsoft.com/dotnet/fundamentals/code-analysis/quality-rules/ca1861) [/src/OpenRestoApi/OpenRestoApi.csproj]
/src/OpenRestoApi/Infrastructure/Auth/OperatorBearerAuthenticationHandler.cs(34,65): warning CA1305: The behavior of 'int.ToString()' could vary based on the current user's locale settings. Replace this call in 'OperatorBearerAuthenticationHandler.HandleAuthenticateAsync()' with a call to 'int.ToString(IFormatProvider)'. (https://learn.microsoft.com/dotnet/fundamentals/code-analysis/quality-rules/ca1305) [/src/OpenRestoApi/OpenRestoApi.csproj]
/src/OpenRestoApi/Infrastructure/Auth/OperatorBearerAuthenticationHandler.cs(36,67): warning CA1305: The behavior of 'int.ToString()' could vary based on the current user's locale settings. Replace this call in 'OperatorBearerAuthenticationHandler.HandleAuthenticateAsync()' with a call to 'int.ToString(IFormatProvider)'. (https://learn.microsoft.com/dotnet/fundamentals/code-analysis/quality-rules/ca1305) [/src/OpenRestoApi/OpenRestoApi.csproj]
/src/OpenRestoApi/Infrastructure/Auth/OperatorBearerAuthenticationHandler.cs(38,122): warning CA1305: The behavior of 'int.ToString()' could vary based on the current user's locale settings. Replace this call in 'OperatorBearerAuthenticationHandler.HandleAuthenticateAsync()' with a call to 'int.ToString(IFormatProvider)'. (https://learn.microsoft.com/dotnet/fundamentals/code-analysis/quality-rules/ca1305) [/src/OpenRestoApi/OpenRestoApi.csproj]
/src/OpenRestoApi/Migrations/20260612010021_AddNotifications.cs(81,26): warning CA1861: Prefer 'static readonly' fields over constant array arguments if the called method is called repeatedly and is not mutating the passed array (https://learn.microsoft.com/dotnet/fundamentals/code-analysis/quality-rules/ca1861) [/src/OpenRestoApi/OpenRestoApi.csproj]
/src/OpenRestoApi/Migrations/20260612010021_AddNotifications.cs(86,26): warning CA1861: Prefer 'static readonly' fields over constant array arguments if the called method is called repeatedly and is not mutating the passed array (https://learn.microsoft.com/dotnet/fundamentals/code-analysis/quality-rules/ca1861) [/src/OpenRestoApi/OpenRestoApi.csproj]
/src/OpenRestoApi/Core/Application/Services/OperatorIdentityAccessor.cs(2,1): warning IDE0005: Using directive is unnecessary. (https://learn.microsoft.com/dotnet/fundamentals/code-analysis/style-rules/ide0005) [/src/OpenRestoApi/OpenRestoApi.csproj]
/src/OpenRestoApi/Extensions/ServiceCollectionExtensions.cs(8,1): warning IDE0005: Using directive is unnecessary. (https://learn.microsoft.com/dotnet/fundamentals/code-analysis/style-rules/ide0005) [/src/OpenRestoApi/OpenRestoApi.csproj]
/src/OpenRestoApi/Extensions/ServiceCollectionExtensions.cs(14,1): warning IDE0005: Using directive is unnecessary. (https://learn.microsoft.com/dotnet/fundamentals/code-analysis/style-rules/ide0005) [/src/OpenRestoApi/OpenRestoApi.csproj]
/src/OpenRestoApi/Migrations/20260727053045_AddOperatorMcpFoundation.cs(1,1): warning IDE0005: Using directive is unnecessary. (https://learn.microsoft.com/dotnet/fundamentals/code-analysis/style-rules/ide0005) [/src/OpenRestoApi/OpenRestoApi.csproj]
  OpenRestoApi -> /src/OpenRestoApi/bin/Release/net10.0/OpenRestoApi.dll

Build succeeded.

/src/OpenRestoApi/OpenRestoApi.csproj : warning NU1903: Package 'Microsoft.OpenApi' 2.0.0 has a known high severity vulnerability, https://github.com/advisories/GHSA-v5pm-xwqc-g5wc
/src/OpenRestoApi/OpenRestoApi.csproj : warning NU1903: Package 'SQLitePCLRaw.lib.e_sqlite3' 2.1.11 has a known high severity vulnerability, https://github.com/advisories/GHSA-2m69-gcr7-jv3q
/src/OpenRestoApi/OpenRestoApi.csproj : warning NU1903: Package 'Microsoft.OpenApi' 2.0.0 has a known high severity vulnerability, https://github.com/advisories/GHSA-v5pm-xwqc-g5wc
/src/OpenRestoApi/OpenRestoApi.csproj : warning NU1903: Package 'SQLitePCLRaw.lib.e_sqlite3' 2.1.11 has a known high severity vulnerability, https://github.com/advisories/GHSA-2m69-gcr7-jv3q
/src/OpenRestoApi/Extensions/ServiceCollectionExtensions.cs(218,17): warning MCP9004: 'HttpServerTransportOptions.EnableLegacySse' is obsolete: 'Legacy SSE transport has no built-in request backpressure and should only be used with completely trusted clients in isolated processes. Use Streamable HTTP instead.' (https://github.com/modelcontextprotocol/csharp-sdk/blob/main/docs/list-of-diagnostics.md#obsolete-apis) [/src/OpenRestoApi/OpenRestoApi.csproj]
/src/OpenRestoApi/Core/Application/Interfaces/INotificationQueue.cs(5,18): warning CA1711: Rename type name INotificationQueue so that it does not end in 'Queue' (https://learn.microsoft.com/dotnet/fundamentals/code-analysis/quality-rules/ca1711) [/src/OpenRestoApi/OpenRestoApi.csproj]
/src/OpenRestoApi/Migrations/20260727053045_AddOperatorMcpFoundation.cs(144,26): warning CA1861: Prefer 'static readonly' fields over constant array arguments if the called method is called repeatedly and is not mutating the passed array (https://learn.microsoft.com/dotnet/fundamentals/code-analysis/quality-rules/ca1861) [/src/OpenRestoApi/OpenRestoApi.csproj]
/src/OpenRestoApi/Migrations/20260727053045_AddOperatorMcpFoundation.cs(149,26): warning CA1861: Prefer 'static readonly' fields over constant array arguments if the called method is called repeatedly and is not mutating the passed array (https://learn.microsoft.com/dotnet/fundamentals/code-analysis/quality-rules/ca1861) [/src/OpenRestoApi/OpenRestoApi.csproj]
/src/OpenRestoApi/Migrations/20260727053045_AddOperatorMcpFoundation.cs(159,26): warning CA1861: Prefer 'static readonly' fields over constant array arguments if the called method is called repeatedly and is not mutating the passed array (https://learn.microsoft.com/dotnet/fundamentals/code-analysis/quality-rules/ca1861) [/src/OpenRestoApi/OpenRestoApi.csproj]
/src/OpenRestoApi/Migrations/20260727053045_AddOperatorMcpFoundation.cs(164,26): warning CA1861: Prefer 'static readonly' fields over constant array arguments if the called method is called repeatedly and is not mutating the passed array (https://learn.microsoft.com/dotnet/fundamentals/code-analysis/quality-rules/ca1861) [/src/OpenRestoApi/OpenRestoApi.csproj]
/src/OpenRestoApi/Migrations/20260727053045_AddOperatorMcpFoundation.cs(175,26): warning CA1861: Prefer 'static readonly' fields over constant array arguments if the called method is called repeatedly and is not mutating the passed array (https://learn.microsoft.com/dotnet/fundamentals/code-analysis/quality-rules/ca1861) [/src/OpenRestoApi/OpenRestoApi.csproj]
/src/OpenRestoApi/Migrations/20260727053045_AddOperatorMcpFoundation.cs(191,26): warning CA1861: Prefer 'static readonly' fields over constant array arguments if the called method is called repeatedly and is not mutating the passed array (https://learn.microsoft.com/dotnet/fundamentals/code-analysis/quality-rules/ca1861) [/src/OpenRestoApi/OpenRestoApi.csproj]
/src/OpenRestoApi/Extensions/DatabaseExtensions.cs(298,40): warning CA1873: Evaluation of this argument may be expensive and unnecessary if logging is disabled (https://learn.microsoft.com/dotnet/fundamentals/code-analysis/quality-rules/ca1873) [/src/OpenRestoApi/OpenRestoApi.csproj]
/src/OpenRestoApi/Core/Application/Services/OperatorReservationService.cs(211,48): warning CA1826: Do not use Enumerable methods on indexable collections. Instead use the collection directly. (https://learn.microsoft.com/dotnet/fundamentals/code-analysis/quality-rules/ca1826) [/src/OpenRestoApi/OpenRestoApi.csproj]
/src/OpenRestoApi/Core/Application/Services/OperatorIdentityAccessor.cs(34,35): warning CA1305: The behavior of 'int.ToString()' could vary based on the current user's locale settings. Replace this call in 'OperatorIdentityAccessor.GetCurrent()' with a call to 'int.ToString(IFormatProvider)'. (https://learn.microsoft.com/dotnet/fundamentals/code-analysis/quality-rules/ca1305) [/src/OpenRestoApi/OpenRestoApi.csproj]
/src/OpenRestoApi/Core/Application/Services/NotificationService.cs(54,13): warning CA1873: Evaluation of this argument may be expensive and unnecessary if logging is disabled (https://learn.microsoft.com/dotnet/fundamentals/code-analysis/quality-rules/ca1873) [/src/OpenRestoApi/OpenRestoApi.csproj]
/src/OpenRestoApi/Core/Application/Services/NotificationService.cs(68,13): warning CA1873: Evaluation of this argument may be expensive and unnecessary if logging is disabled (https://learn.microsoft.com/dotnet/fundamentals/code-analysis/quality-rules/ca1873) [/src/OpenRestoApi/OpenRestoApi.csproj]
/src/OpenRestoApi/Core/Application/Services/NotificationService.cs(81,13): warning CA1873: Evaluation of this argument may be expensive and unnecessary if logging is disabled (https://learn.microsoft.com/dotnet/fundamentals/code-analysis/quality-rules/ca1873) [/src/OpenRestoApi/OpenRestoApi.csproj]
/src/OpenRestoApi/Core/Application/Services/BookingNotificationService.cs(43,9): warning CA1873: Evaluation of this argument may be expensive and unnecessary if logging is disabled (https://learn.microsoft.com/dotnet/fundamentals/code-analysis/quality-rules/ca1873) [/src/OpenRestoApi/OpenRestoApi.csproj]
/src/OpenRestoApi/Core/Application/Services/BookingNotificationService.cs(60,9): warning CA1873: Evaluation of this argument may be expensive and unnecessary if logging is disabled (https://learn.microsoft.com/dotnet/fundamentals/code-analysis/quality-rules/ca1873) [/src/OpenRestoApi/OpenRestoApi.csproj]
/src/OpenRestoApi/Core/Application/Services/BookingNotificationService.cs(78,9): warning CA1873: Evaluation of this argument may be expensive and unnecessary if logging is disabled (https://learn.microsoft.com/dotnet/fundamentals/code-analysis/quality-rules/ca1873) [/src/OpenRestoApi/OpenRestoApi.csproj]
/src/OpenRestoApi/Core/Application/Services/BookingNotificationService.cs(95,9): warning CA1873: Evaluation of this argument may be expensive and unnecessary if logging is disabled (https://learn.microsoft.com/dotnet/fundamentals/code-analysis/quality-rules/ca1873) [/src/OpenRestoApi/OpenRestoApi.csproj]
/src/OpenRestoApi/Core/Application/Services/BookingNotificationService.cs(121,13): warning CA1873: Evaluation of this argument may be expensive and unnecessary if logging is disabled (https://learn.microsoft.com/dotnet/fundamentals/code-analysis/quality-rules/ca1873) [/src/OpenRestoApi/OpenRestoApi.csproj]
/src/OpenRestoApi/Core/Application/Services/BookingNotificationService.cs(130,9): warning CA1873: Evaluation of this argument may be expensive and unnecessary if logging is disabled (https://learn.microsoft.com/dotnet/fundamentals/code-analysis/quality-rules/ca1873) [/src/OpenRestoApi/OpenRestoApi.csproj]
/src/OpenRestoApi/Core/Application/Services/BookingNotificationService.cs(141,13): warning CA1873: Evaluation of this argument may be expensive and unnecessary if logging is disabled (https://learn.microsoft.com/dotnet/fundamentals/code-analysis/quality-rules/ca1873) [/src/OpenRestoApi/OpenRestoApi.csproj]
/src/OpenRestoApi/Core/Application/Services/BookingNotificationService.cs(175,9): warning CA1873: Evaluation of this argument may be expensive and unnecessary if logging is disabled (https://learn.microsoft.com/dotnet/fundamentals/code-analysis/quality-rules/ca1873) [/src/OpenRestoApi/OpenRestoApi.csproj]
/src/OpenRestoApi/Core/Application/Services/BookingNotificationService.cs(221,9): warning CA1873: Evaluation of this argument may be expensive and unnecessary if logging is disabled (https://learn.microsoft.com/dotnet/fundamentals/code-analysis/quality-rules/ca1873) [/src/OpenRestoApi/OpenRestoApi.csproj]
/src/OpenRestoApi/Core/Application/Services/BookingNotificationService.cs(240,17): warning CA1873: Evaluation of this argument may be expensive and unnecessary if logging is disabled (https://learn.microsoft.com/dotnet/fundamentals/code-analysis/quality-rules/ca1873) [/src/OpenRestoApi/OpenRestoApi.csproj]
/src/OpenRestoApi/Core/Application/Services/AuthService.cs(24,36): warning CA1860: Prefer comparing 'Count' to 0 rather than using 'Any()', both for clarity and for performance (https://learn.microsoft.com/dotnet/fundamentals/code-analysis/quality-rules/ca1860) [/src/OpenRestoApi/OpenRestoApi.csproj]
/src/OpenRestoApi/Migrations/20260613171448_PushSubscriptionCompositeUniqueKey.cs(20,26): warning CA1861: Prefer 'static readonly' fields over constant array arguments if the called method is called repeatedly and is not mutating the passed array (https://learn.microsoft.com/dotnet/fundamentals/code-analysis/quality-rules/ca1861) [/src/OpenRestoApi/OpenRestoApi.csproj]
/src/OpenRestoApi/Infrastructure/Auth/OperatorBearerAuthenticationHandler.cs(34,65): warning CA1305: The behavior of 'int.ToString()' could vary based on the current user's locale settings. Replace this call in 'OperatorBearerAuthenticationHandler.HandleAuthenticateAsync()' with a call to 'int.ToString(IFormatProvider)'. (https://learn.microsoft.com/dotnet/fundamentals/code-analysis/quality-rules/ca1305) [/src/OpenRestoApi/OpenRestoApi.csproj]
/src/OpenRestoApi/Infrastructure/Auth/OperatorBearerAuthenticationHandler.cs(36,67): warning CA1305: The behavior of 'int.ToString()' could vary based on the current user's locale settings. Replace this call in 'OperatorBearerAuthenticationHandler.HandleAuthenticateAsync()' with a call to 'int.ToString(IFormatProvider)'. (https://learn.microsoft.com/dotnet/fundamentals/code-analysis/quality-rules/ca1305) [/src/OpenRestoApi/OpenRestoApi.csproj]
/src/OpenRestoApi/Infrastructure/Auth/OperatorBearerAuthenticationHandler.cs(38,122): warning CA1305: The behavior of 'int.ToString()' could vary based on the current user's locale settings. Replace this call in 'OperatorBearerAuthenticationHandler.HandleAuthenticateAsync()' with a call to 'int.ToString(IFormatProvider)'. (https://learn.microsoft.com/dotnet/fundamentals/code-analysis/quality-rules/ca1305) [/src/OpenRestoApi/OpenRestoApi.csproj]
/src/OpenRestoApi/Migrations/20260612010021_AddNotifications.cs(81,26): warning CA1861: Prefer 'static readonly' fields over constant array arguments if the called method is called repeatedly and is not mutating the passed array (https://learn.microsoft.com/dotnet/fundamentals/code-analysis/quality-rules/ca1861) [/src/OpenRestoApi/OpenRestoApi.csproj]
/src/OpenRestoApi/Migrations/20260612010021_AddNotifications.cs(86,26): warning CA1861: Prefer 'static readonly' fields over constant array arguments if the called method is called repeatedly and is not mutating the passed array (https://learn.microsoft.com/dotnet/fundamentals/code-analysis/quality-rules/ca1861) [/src/OpenRestoApi/OpenRestoApi.csproj]
/src/OpenRestoApi/Core/Application/Services/OperatorIdentityAccessor.cs(2,1): warning IDE0005: Using directive is unnecessary. (https://learn.microsoft.com/dotnet/fundamentals/code-analysis/style-rules/ide0005) [/src/OpenRestoApi/OpenRestoApi.csproj]
/src/OpenRestoApi/Extensions/ServiceCollectionExtensions.cs(8,1): warning IDE0005: Using directive is unnecessary. (https://learn.microsoft.com/dotnet/fundamentals/code-analysis/style-rules/ide0005) [/src/OpenRestoApi/OpenRestoApi.csproj]
/src/OpenRestoApi/Extensions/ServiceCollectionExtensions.cs(14,1): warning IDE0005: Using directive is unnecessary. (https://learn.microsoft.com/dotnet/fundamentals/code-analysis/style-rules/ide0005) [/src/OpenRestoApi/OpenRestoApi.csproj]
/src/OpenRestoApi/Migrations/20260727053045_AddOperatorMcpFoundation.cs(1,1): warning IDE0005: Using directive is unnecessary. (https://learn.microsoft.com/dotnet/fundamentals/code-analysis/style-rules/ide0005) [/src/OpenRestoApi/OpenRestoApi.csproj]
    39 Warning(s)
    0 Error(s)

Time Elapsed 00:00:18.04
